// Jest Snapshot v1, https://goo.gl/fbAQLP

exports[`matches the snapshot 1`] = `
<div>
  <h2>
    Contraseña olvidada
  </h2>
  <form
    action="#"
    onReset={[Function]}
    onSubmit={[Function]}
  >
    <div
      className="form-group"
    >
      <label
        htmlFor="email"
      >
        Correo electrónico
      </label>
      <input
        className="form-control"
        name="email"
        onBlur={[Function]}
        onChange={[Function]}
        type="email"
        value=""
      />
    </div>
    <div
      className="form-group"
    >
      <button
        className="btn btn-primary"
        disabled={false}
        type="submit"
      >
        Enviar
      </button>
    </div>
  </form>
</div>
`;
