// Jest Snapshot v1, https://goo.gl/fbAQLP

exports[`matches the snapshot 1`] = `
<div>
  <h2>
    Ingresar
  </h2>
  <form
    action="#"
    onReset={[Function]}
    onSubmit={[Function]}
  >
    <div
      className="form-group"
    >
      <label
        htmlFor="username"
      >
        Nombre de usuario
      </label>
      <input
        className="form-control"
        name="username"
        onBlur={[Function]}
        onChange={[Function]}
        type="text"
        value=""
      />
    </div>
    <div
      className="form-group"
    >
      <label
        htmlFor="password"
      >
        Contrase√±a
      </label>
      <input
        className="form-control"
        name="password"
        onBlur={[Function]}
        onChange={[Function]}
        type="password"
        value=""
      />
    </div>
    <div
      className="form-group"
    >
      <button
        className="btn btn-primary"
        disabled={false}
        type="submit"
      >
        Ingresar
      </button>
    </div>
  </form>
</div>
`;
